[wickedapp.fun/index.html]
[backblue.gif]
[fade.gif]
[index.html]
[stackpath.bootstrapcdn.com/bootstrap/4.5.2/css/bootstrap.min.css]
[use.fontawesome.com/releases/v5.15.3/css/all.css]
[cdnjs.cloudflare.com/ajax/libs/animate.css/4.1.1/animate.min.css]
[wickedapp.fun/Aspal.ttf]
[wickedapp.fun/style.css]
[wickedapp.fun/wicked-logo.png]
[wickedapp.fun/itms-services_/index55c3.html]
[wickedapp.fun/repo/index.html]
[cdnjs.cloudflare.com/ajax/libs/wow/1.1.2/wow.min.js]
[wickedapp.fun/index.html]
[stackpath.bootstrapcdn.com/bootstrap/4.5.2/css/bootstrap.min.css]
[use.fontawesome.com/releases/v5.15.3/css/all.css]
[cdnjs.cloudflare.com/ajax/libs/animate.css/4.1.1/animate.min.css]
[wickedapp.fun/style.css]
[wickedapp.fun/itms-services_/index55c3.html]
[code.jquery.com/jquery-3.6.0.min.js]
[wickedapp.fun/ipa/w1.ipa]
[sileotweak.github.io/CydiaIcon.png]
[upload.wikimedia.org/wikipedia/commons/8/8b/Cydia_logo.png]
[sileotweak.github.io/depiction/sileo.png]
[wickedapp.fun/repo/apt-repo_/https_/wickedapp.fun/repo/index.html]
[sileotweak.github.io/depiction/saily.png]
[sileotweak.github.io/depiction/zebra.png]
[sileotweak.github.io/depiction/twitter.png]
[wickedapp.fun/theme-guide.html]
[wickedapp.fun/theme-guide/home.html]
[wickedapp.fun/shortcuts.html]
[wickedapp.fun/stock-identifiers.html]
[wickedapp.fun/package/Bleed/index.html]
[wickedapp.fun/repo/index.html]
[wickedapp.fun/repo/apt-repo_/https_/wickedapp.fun/repo/index.html]
[wickedapp.fun/theme-guide.html]
[wickedapp.fun/theme-guide/home.html]
[wickedapp.fun/shortcuts.html]
[wickedapp.fun/stock-identifiers.html]
[wickedapp.fun/package/Bleed/index.html]
